Archive member included to satisfy reference by file (symbol)

d:/iti/imt tools/sdk/imt_sdk_win_64/winarm/armgcc/bin/../lib/gcc/arm-none-eabi/7.2.1/../../../../arm-none-eabi/lib/thumb/v7-m\libg_nano.a(lib_a-errno.o)
                              ./system/src/newlib/_sbrk.o (__errno)
d:/iti/imt tools/sdk/imt_sdk_win_64/winarm/armgcc/bin/../lib/gcc/arm-none-eabi/7.2.1/../../../../arm-none-eabi/lib/thumb/v7-m\libg_nano.a(lib_a-impure.o)
                              d:/iti/imt tools/sdk/imt_sdk_win_64/winarm/armgcc/bin/../lib/gcc/arm-none-eabi/7.2.1/../../../../arm-none-eabi/lib/thumb/v7-m\libg_nano.a(lib_a-errno.o) (_impure_ptr)
d:/iti/imt tools/sdk/imt_sdk_win_64/winarm/armgcc/bin/../lib/gcc/arm-none-eabi/7.2.1/../../../../arm-none-eabi/lib/thumb/v7-m\libg_nano.a(lib_a-strlen.o)
                              ./system/src/diag/Trace.o (strlen)
d:/iti/imt tools/sdk/imt_sdk_win_64/winarm/armgcc/bin/../lib/gcc/arm-none-eabi/7.2.1/../../../../arm-none-eabi/lib/thumb/v7-m\libg_nano.a(lib_a-vsnprintf.o)
                              ./system/src/diag/Trace.o (vsnprintf)
d:/iti/imt tools/sdk/imt_sdk_win_64/winarm/armgcc/bin/../lib/gcc/arm-none-eabi/7.2.1/../../../../arm-none-eabi/lib/thumb/v7-m\libg_nano.a(lib_a-nano-svfprintf.o)
                              d:/iti/imt tools/sdk/imt_sdk_win_64/winarm/armgcc/bin/../lib/gcc/arm-none-eabi/7.2.1/../../../../arm-none-eabi/lib/thumb/v7-m\libg_nano.a(lib_a-vsnprintf.o) (_svfprintf_r)
d:/iti/imt tools/sdk/imt_sdk_win_64/winarm/armgcc/bin/../lib/gcc/arm-none-eabi/7.2.1/../../../../arm-none-eabi/lib/thumb/v7-m\libg_nano.a(lib_a-nano-vfprintf_i.o)
                              d:/iti/imt tools/sdk/imt_sdk_win_64/winarm/armgcc/bin/../lib/gcc/arm-none-eabi/7.2.1/../../../../arm-none-eabi/lib/thumb/v7-m\libg_nano.a(lib_a-nano-svfprintf.o) (_printf_i)
d:/iti/imt tools/sdk/imt_sdk_win_64/winarm/armgcc/bin/../lib/gcc/arm-none-eabi/7.2.1/../../../../arm-none-eabi/lib/thumb/v7-m\libg_nano.a(lib_a-memchr-stub.o)
                              d:/iti/imt tools/sdk/imt_sdk_win_64/winarm/armgcc/bin/../lib/gcc/arm-none-eabi/7.2.1/../../../../arm-none-eabi/lib/thumb/v7-m\libg_nano.a(lib_a-nano-svfprintf.o) (memchr)
d:/iti/imt tools/sdk/imt_sdk_win_64/winarm/armgcc/bin/../lib/gcc/arm-none-eabi/7.2.1/../../../../arm-none-eabi/lib/thumb/v7-m\libg_nano.a(lib_a-memcpy-stub.o)
                              d:/iti/imt tools/sdk/imt_sdk_win_64/winarm/armgcc/bin/../lib/gcc/arm-none-eabi/7.2.1/../../../../arm-none-eabi/lib/thumb/v7-m\libg_nano.a(lib_a-nano-svfprintf.o) (memcpy)
d:/iti/imt tools/sdk/imt_sdk_win_64/winarm/armgcc/bin/../lib/gcc/arm-none-eabi/7.2.1/../../../../arm-none-eabi/lib/thumb/v7-m\libg_nano.a(lib_a-memmove.o)
                              d:/iti/imt tools/sdk/imt_sdk_win_64/winarm/armgcc/bin/../lib/gcc/arm-none-eabi/7.2.1/../../../../arm-none-eabi/lib/thumb/v7-m\libg_nano.a(lib_a-nano-svfprintf.o) (memmove)
d:/iti/imt tools/sdk/imt_sdk_win_64/winarm/armgcc/bin/../lib/gcc/arm-none-eabi/7.2.1/../../../../arm-none-eabi/lib/thumb/v7-m\libg_nano.a(lib_a-nano-freer.o)
                              d:/iti/imt tools/sdk/imt_sdk_win_64/winarm/armgcc/bin/../lib/gcc/arm-none-eabi/7.2.1/../../../../arm-none-eabi/lib/thumb/v7-m\libg_nano.a(lib_a-nano-svfprintf.o) (_free_r)
d:/iti/imt tools/sdk/imt_sdk_win_64/winarm/armgcc/bin/../lib/gcc/arm-none-eabi/7.2.1/../../../../arm-none-eabi/lib/thumb/v7-m\libg_nano.a(lib_a-nano-mallocr.o)
                              d:/iti/imt tools/sdk/imt_sdk_win_64/winarm/armgcc/bin/../lib/gcc/arm-none-eabi/7.2.1/../../../../arm-none-eabi/lib/thumb/v7-m\libg_nano.a(lib_a-nano-svfprintf.o) (_malloc_r)
d:/iti/imt tools/sdk/imt_sdk_win_64/winarm/armgcc/bin/../lib/gcc/arm-none-eabi/7.2.1/../../../../arm-none-eabi/lib/thumb/v7-m\libg_nano.a(lib_a-nano-reallocr.o)
                              d:/iti/imt tools/sdk/imt_sdk_win_64/winarm/armgcc/bin/../lib/gcc/arm-none-eabi/7.2.1/../../../../arm-none-eabi/lib/thumb/v7-m\libg_nano.a(lib_a-nano-svfprintf.o) (_realloc_r)
d:/iti/imt tools/sdk/imt_sdk_win_64/winarm/armgcc/bin/../lib/gcc/arm-none-eabi/7.2.1/../../../../arm-none-eabi/lib/thumb/v7-m\libg_nano.a(lib_a-sbrkr.o)
                              d:/iti/imt tools/sdk/imt_sdk_win_64/winarm/armgcc/bin/../lib/gcc/arm-none-eabi/7.2.1/../../../../arm-none-eabi/lib/thumb/v7-m\libg_nano.a(lib_a-nano-mallocr.o) (_sbrk_r)
d:/iti/imt tools/sdk/imt_sdk_win_64/winarm/armgcc/bin/../lib/gcc/arm-none-eabi/7.2.1/../../../../arm-none-eabi/lib/thumb/v7-m\libg_nano.a(lib_a-mlock.o)
                              d:/iti/imt tools/sdk/imt_sdk_win_64/winarm/armgcc/bin/../lib/gcc/arm-none-eabi/7.2.1/../../../../arm-none-eabi/lib/thumb/v7-m\libg_nano.a(lib_a-nano-freer.o) (__malloc_lock)
d:/iti/imt tools/sdk/imt_sdk_win_64/winarm/armgcc/bin/../lib/gcc/arm-none-eabi/7.2.1/../../../../arm-none-eabi/lib/thumb/v7-m\libg_nano.a(lib_a-nano-msizer.o)
[...]
Memory Configuration

Name             Origin             Length             Attributes
RAM              0x20000000         0x00005000         xrw
CCMRAM           0x00000000         0x00000000         xrw
FLASH            0x08002800         0x0001d800         xr
FLASHB1          0x00000000         0x00000000         xr
EXTMEMB0         0x00000000         0x00000000         xr
EXTMEMB1         0x00000000         0x00000000         xr
EXTMEMB2         0x00000000         0x00000000         xr
EXTMEMB3         0x00000000         0x00000000         xr
MEMORY_ARRAY     0x00000000         0x00000000         xrw
*default*        0x00000000         0xffffffff

Linker script and memory map

LOAD ./system/src/stm32f1-stdperiph/misc.o
LOAD ./system/src/stm32f1-stdperiph/stm32f10x_gpio.o
LOAD ./system/src/stm32f1-stdperiph/stm32f10x_rcc.o
LOAD ./system/src/newlib/_cxx.o
LOAD ./system/src/newlib/_exit.o
LOAD ./system/src/newlib/_sbrk.o
LOAD ./system/src/newlib/_startup.o
LOAD ./system/src/newlib/_syscalls.o
LOAD ./system/src/newlib/assert.o
LOAD ./system/src/diag/Trace.o
LOAD ./system/src/diag/trace_impl.o
LOAD ./system/src/cortexm/_initialize_hardware.o
LOAD ./system/src/cortexm/_reset_hardware.o
LOAD ./system/src/cortexm/exception_handlers.o
LOAD ./system/src/cmsis/system_stm32f10x.o
LOAD ./system/src/cmsis/vectors_stm32f10x.o
LOAD ./src/DIO_Program.o
LOAD ./src/ESP_Program.o
LOAD ./src/FPEC_Program.o
LOAD ./src/LED_Program.o
LOAD ./src/NVIC_Program.o
LOAD ./src/Parse.o
LOAD ./src/RCC_Program.o
LOAD ./src/SyStick_Program.o
LOAD ./src/Timer_Program.o
LOAD ./src/UART_Program.o
LOAD ./src/main.o
LOAD d:/iti/imt tools/sdk/imt_sdk_win_64/winarm/armgcc/bin/../lib/gcc/arm-none-eabi/7.2.1/../../../../arm-none-eabi/lib/thumb/v7-m\libstdc++_nano.a
LOAD d:/iti/imt tools/sdk/imt_sdk_win_64/winarm/armgcc/bin/../lib/gcc/arm-none-eabi/7.2.1/../../../../arm-none-eabi/lib/thumb/v7-m\libm.a
START GROUP
LOAD d:/iti/imt tools/sdk/imt_sdk_win_64/winarm/armgcc/bin/../lib/gcc/arm-none-eabi/7.2.1/thumb/v7-m\libgcc.a
LOAD d:/iti/imt tools/sdk/imt_sdk_win_64/winarm/armgcc/bin/../lib/gcc/arm-none-eabi/7.2.1/../../../../arm-none-eabi/lib/thumb/v7-m\libg_nano.a
LOAD d:/iti/imt tools/sdk/imt_sdk_win_64/winarm/armgcc/bin/../lib/gcc/arm-none-eabi/7.2.1/../../../../arm-none-eabi/lib/thumb/v7-m\libc_nano.a
END GROUP
START GROUP
LOAD d:/iti/imt tools/sdk/imt_sdk_win_64/winarm/armgcc/bin/../lib/gcc/arm-none-eabi/7.2.1/thumb/v7-m\libgcc.a
LOAD d:/iti/imt tools/sdk/imt_sdk_win_64/winarm/armgcc/bin/../lib/gcc/arm-none-eabi/7.2.1/../../../../arm-none-eabi/lib/thumb/v7-m\libc_nano.a
END GROUP
                0x20005000                __stack = (ORIGIN (RAM) + LENGTH (RAM))
                0x20005000                _estack = __stack
                0x00000400                __Main_Stack_Size = 0x400
                [!provide]                PROVIDE (_Main_Stack_Size, __Main_Stack_Size)
                0x20004c00                __Main_Stack_Limit = (__stack - __Main_Stack_Size)
                [!provide]                PROVIDE (_Main_Stack_Limit, __Main_Stack_Limit)
                0x00000100                _Minimum_Stack_Size = 0x100
                0x200007a8                PROVIDE (_Heap_Begin, _end_noinit)
                0x20004c00                PROVIDE (_Heap_Limit, (__stack - __Main_Stack_Size))

.isr_vector     0x08002800      0x350
 FILL mask 0xff
                0x08002800                __vectors_start = ABSOLUTE (.)
                0x08002800                __vectors_start__ = ABSOLUTE (.)
 *(.isr_vector)
 .isr_vector    0x08002800      0x10c ./system/src/cmsis/vectors_stm32f10x.o
                0x08002800                __isr_vectors
 *(.cfmconfig)
 *(.after_vectors .after_vectors.*)
 .after_vectors
                0x0800290c      0x114 ./system/src/newlib/_startup.o
                0x0800290c                _start
 .after_vectors
                0x08002a20      0x12c ./system/src/cortexm/exception_handlers.o
                0x08002a20                Reset_Handler
                0x08002a26                NMI_Handler
                0x08002a2a                HardFault_Handler
                0x08002a3e                HardFault_Handler_C
                0x08002a9c                MemManage_Handler
                0x08002aa0                BusFault_Handler
                0x08002ab4                BusFault_Handler_C
                0x08002ae8                UsageFault_Handler
                0x08002afc                UsageFault_Handler_C
                0x08002b30                SVC_Handler
                0x08002b34                DebugMon_Handler
                0x08002b38                PendSV_Handler
 .after_vectors
                0x08002b4c        0x4 ./system/src/cmsis/vectors_stm32f10x.o
                0x08002b4c                EXTI2_IRQHandler
                0x08002b4c                TIM8_TRG_COM_IRQHandler
                0x08002b4c                TIM8_CC_IRQHandler
                0x08002b4c                TIM1_CC_IRQHandler
                0x08002b4c                TIM6_IRQHandler
                0x08002b4c                PVD_IRQHandler
                0x08002b4c                SDIO_IRQHandler
                0x08002b4c                CAN2_RX1_IRQHandler
                0x08002b4c                EXTI3_IRQHandler
                0x08002b4c                TIM8_TRG_COM_TIM14_IRQHandler
                0x08002b4c                TIM1_UP_TIM10_IRQHandler
                0x08002b4c                TIM8_UP_TIM13_IRQHandler
                0x08002b4c                EXTI0_IRQHandler
                0x08002b4c                I2C2_EV_IRQHandler
                0x08002b4c                CAN1_RX0_IRQHandler
                0x08002b4c                TIM1_UP_TIM16_IRQHandler
                0x08002b4c                CAN2_SCE_IRQHandler
                0x08002b4c                ADC1_2_IRQHandler
                0x08002b4c                SPI1_IRQHandler
                0x08002b4c                TAMPER_IRQHandler
                0x08002b4c                TIM6_DAC_IRQHandler
                0x08002b4c                TIM1_BRK_TIM9_IRQHandler
                0x08002b4c                CAN2_RX0_IRQHandler
                0x08002b4c                TIM8_UP_IRQHandler
                0x08002b4c                DMA2_Channel2_IRQHandler
                0x08002b4c                DMA1_Channel4_IRQHandler
                0x08002b4c                USART3_IRQHandler
                0x08002b4c                RTC_IRQHandler
                0x08002b4c                DMA1_Channel7_IRQHandler
                0x08002b4c                CAN1_RX1_IRQHandler
                0x08002b4c                UART5_IRQHandler
                0x08002b4c                ADC3_IRQHandler
                0x08002b4c                DMA2_Channel1_IRQHandler
                0x08002b4c                I2C1_EV_IRQHandler
                0x08002b4c                DMA1_Channel6_IRQHandler
                0x08002b4c                UART4_IRQHandler
                0x08002b4c                DMA2_Channel4_IRQHandler
                0x08002b4c                TIM3_IRQHandler
                0x08002b4c                RCC_IRQHandler
                0x08002b4c                TIM8_BRK_TIM12_IRQHandler
                0x08002b4c                TIM1_TRG_COM_IRQHandler
                0x08002b4c                DMA1_Channel1_IRQHandler
                0x08002b4c                Default_Handler
                0x08002b4c                CEC_IRQHandler
                0x08002b4c                EXTI15_10_IRQHandler
                0x08002b4c                TIM14_IRQHandler
                0x08002b4c                TIM13_IRQHandler
                0x08002b4c                TIM12_IRQHandler
                0x08002b4c                TIM7_IRQHandler
                0x08002b4c                CAN2_TX_IRQHandler
                0x08002b4c                TIM5_IRQHandler
                0x08002b4c                EXTI9_5_IRQHandler
                0x08002b4c                ETH_WKUP_IRQHandler
                0x08002b4c                SPI2_IRQHandler
                0x08002b4c                CAN1_TX_IRQHandler
                0x08002b4c                DMA2_Channel5_IRQHandler
                0x08002b4c                DMA1_Channel5_IRQHandler
                0x08002b4c                EXTI4_IRQHandler
                0x08002b4c                USB_LP_CAN1_RX0_IRQHandler
                0x08002b4c                TIM1_TRG_COM_TIM17_IRQHandler
                0x08002b4c                USB_HP_CAN1_TX_IRQHandler
                0x08002b4c                DMA1_Channel3_IRQHandler
                0x08002b4c                FSMC_IRQHandler
                0x08002b4c                ETH_IRQHandler
                0x08002b4c                TIM1_UP_IRQHandler
                0x08002b4c                WWDG_IRQHandler
                0x08002b4c                TIM2_IRQHandler
                0x08002b4c                OTG_FS_WKUP_IRQHandler
                0x08002b4c                TIM1_TRG_COM_TIM11_IRQHandler
                0x08002b4c                TIM1_BRK_IRQHandler
                0x08002b4c                EXTI1_IRQHandler
                0x08002b4c                RTCAlarm_IRQHandler
                0x08002b4c                DMA2_Channel4_5_IRQHandler
                0x08002b4c                USART2_IRQHandler
                0x08002b4c                I2C2_ER_IRQHandler
                0x08002b4c                DMA1_Channel2_IRQHandler
                0x08002b4c                TIM8_BRK_IRQHandler
                0x08002b4c                CAN1_SCE_IRQHandler
                0x08002b4c                FLASH_IRQHandler
                0x08002b4c                OTG_FS_IRQHandler
                0x08002b4c                SPI3_IRQHandler
                0x08002b4c                I2C1_ER_IRQHandler
                0x08002b4c                USBWakeUp_IRQHandler
                0x08002b4c                DMA2_Channel3_IRQHandler
                0x08002b4c                TIM1_BRK_TIM15_IRQHandler

.inits          0x08002b50       0x28
                0x08002b50                __data_regions_array_start = .
                0x08002b50        0x4 LONG 0x8004724 LOADADDR (.data)
                0x08002b54        0x4 LONG 0x20000000 ADDR (.data)
                0x08002b58        0x4 LONG 0x200000c8 (ADDR (.data) + SIZEOF (.data))
                0x08002b5c        0x4 LONG 0x8004724 LOADADDR (.data_CCMRAM)
                0x08002b60        0x4 LONG 0x0 ADDR (.data_CCMRAM)
                0x08002b64        0x4 LONG 0x0 (ADDR (.data_CCMRAM) + SIZEOF (.data_CCMRAM))
                0x08002b68                __data_regions_array_end = .
                0x08002b68                __bss_regions_array_start = .
                0x08002b68        0x4 LONG 0x200000c8 ADDR (.bss)
                0x08002b6c        0x4 LONG 0x200007a8 (ADDR (.bss) + SIZEOF (.bss))
                0x08002b70        0x4 LONG 0x0 ADDR (.bss_CCMRAM)
                0x08002b74        0x4 LONG 0x0 (ADDR (.bss_CCMRAM) + SIZEOF (.bss_CCMRAM))
                0x08002b78                __bss_regions_array_end = .
 *(.init)
 *(.fini)
                0x08002b78                . = ALIGN (0x4)
                0x08002b78                PROVIDE (__preinit_array_start, .)
 *(.preinit_array_sysinit .preinit_array_sysinit.*)
 *(.preinit_array_platform .preinit_array_platform.*)
 *(.preinit_array .preinit_array.*)
                0x08002b78                PROVIDE (__preinit_array_end, .)
                0x08002b78                . = ALIGN (0x4)
                0x08002b78                PROVIDE (__init_array_start, .)
 *(SORT_BY_NAME(.init_array.*))
 *(.init_array)
                0x08002b78                PROVIDE (__init_array_end, .)
                0x08002b78                . = ALIGN (0x4)
                0x08002b78                PROVIDE (__fini_array_start, .)
 *(SORT_BY_NAME(.fini_array.*))
 *(.fini_array)
                0x08002b78                PROVIDE (__fini_array_end, .)

.flashtext
 *(.flashtext .flashtext.*)

.text           0x08002b78     0x1bab
 *(.text .text.*)
 .text._exit    0x08002b78        0x2 ./system/src/newlib/_exit.o
                0x08002b78                _exit
 *fill*         0x08002b7a        0x2 
 .text._sbrk    0x08002b7c       0x44 ./system/src/newlib/_sbrk.o
                0x08002b7c                _sbrk
 .text.__initialize_args
                0x08002bc0       0x10 ./system/src/newlib/_syscalls.o
                0x08002bc0                __initialize_args
 .text.trace_printf
                0x08002bd0       0x30 ./system/src/diag/Trace.o
                0x08002bd0                trace_printf
 .text._trace_write_semihosting_debug
                0x08002c00       0x60 ./system/src/diag/trace_impl.o
 .text.trace_write
                0x08002c60        0x8 ./system/src/diag/trace_impl.o
                0x08002c60                trace_write
 .text.__initialize_hardware_early
                0x08002c68       0x18 ./system/src/cortexm/_initialize_hardware.o
                0x08002c68                __initialize_hardware_early
 .text.__initialize_hardware
                0x08002c80        0x8 ./system/src/cortexm/_initialize_hardware.o
                0x08002c80                __initialize_hardware
 .text.dumpExceptionStack
                0x08002c88       0xf4 ./system/src/cortexm/exception_handlers.o
                0x08002c88                dumpExceptionStack
 .text.isSemihosting
                0x08002d7c       0x20 ./system/src/cortexm/exception_handlers.o
                0x08002d7c                isSemihosting
 .text.SetSysClockTo72
                0x08002d9c       0xc4 ./system/src/cmsis/system_stm32f10x.o
 .text.SetSysClock
                0x08002e60        0x8 ./system/src/cmsis/system_stm32f10x.o
 .text.SystemInit
                0x08002e68       0x50 ./system/src/cmsis/system_stm32f10x.o
                0x08002e68                SystemInit
 .text.SystemCoreClockUpdate
                0x08002eb8       0x94 ./system/src/cmsis/system_stm32f10x.o
                0x08002eb8                SystemCoreClockUpdate
 .text.GPIO_vidSetPinDirection
                0x08002f4c       0xf0 ./src/DIO_Program.o
                0x08002f4c                GPIO_vidSetPinDirection
 .text.GPIO_vidSetPinValue
                0x0800303c       0x8c ./src/DIO_Program.o
                0x0800303c                GPIO_vidSetPinValue
 .text.GPIO_u8GetPinValue
                0x080030c8       0x40 ./src/DIO_Program.o
                0x080030c8                GPIO_u8GetPinValue
 .text.GPIO_vidTogglePin
                0x08003108       0x48 ./src/DIO_Program.o
                0x08003108                GPIO_vidTogglePin
 .text.MUSART1_CallBackFunction
                0x08003150       0xf4 ./src/ESP_Program.o
                0x08003150                MUSART1_CallBackFunction
 .text.ESP_vidClearBuffer
                0x08003244       0x8c ./src/ESP_Program.o
                0x08003244                ESP_vidClearBuffer
 .text.ESP_vidInit
                0x080032d0       0x94 ./src/ESP_Program.o
                0x080032d0                ESP_vidInit
 .text.ESP_vidConnectWiFi
                0x08003364       0x50 ./src/ESP_Program.o
                0x08003364                ESP_vidConnectWiFi
 .text.ESP_vidConnectServerTCP
                0x080033b4       0x38 ./src/ESP_Program.o
                0x080033b4                ESP_vidConnectServerTCP
 .text.FPEC_vidFlashPageErase
                0x080033ec       0x60 ./src/FPEC_Program.o
                0x080033ec                FPEC_vidFlashPageErase
 .text.FPEC_vidFlashWrite
                0x0800344c       0x70 ./src/FPEC_Program.o
                0x0800344c                FPEC_vidFlashWrite
 .text.LEDS_vidInit
                0x080034bc       0x64 ./src/LED_Program.o
                0x080034bc                LEDS_vidInit
 .text.Sensor_vidInit
                0x08003520        0xe ./src/LED_Program.o
                0x08003520                Sensor_vidInit
 .text.LEDS_vidSetPattern
                0x0800352e       0x64 ./src/LED_Program.o
                0x0800352e                LEDS_vidSetPattern
 .text.LEDS_vidClearPattern
                0x08003592       0x54 ./src/LED_Program.o
                0x08003592                LEDS_vidClearPattern
 *fill*         0x080035e6        0x2 
 .text.MNVIC_vidInit
                0x080035e8       0x10 ./src/NVIC_Program.o
                0x080035e8                MNVIC_vidInit
 .text.MNVIC_vidEnableInterrupt
                0x080035f8       0x2c ./src/NVIC_Program.o
                0x080035f8                MNVIC_vidEnableInterrupt
 .text.MRCC_vidInit
                0x08003624       0x44 ./src/RCC_Program.o
                0x08003624                MRCC_vidInit
 .text.MRCC_vidEnablePeripheralClock
                0x08003668       0x40 ./src/RCC_Program.o
                0x08003668                MRCC_vidEnablePeripheralClock
 .text.MSTK_vidInit
                0x080036a8       0x20 ./src/SyStick_Program.o
                0x080036a8                MSTK_vidInit
 .text.MSTK_vidSetBusyWait
                0x080036c8       0x34 ./src/SyStick_Program.o
                0x080036c8                MSTK_vidSetBusyWait
 .text.MSTK_vidSetIntervalPeriodic
                0x080036fc       0x34 ./src/SyStick_Program.o
                0x080036fc                MSTK_vidSetIntervalPeriodic
 .text.SysTick_Handler
                0x08003730       0x24 ./src/SyStick_Program.o
                0x08003730                SysTick_Handler
 .text.MTIMER_vidInit
                0x08003754       0xd0 ./src/Timer_Program.o
                0x08003754                MTIMER_vidInit
 .text.MTIMER_vidSetCounterReg
                0x08003824        0xc ./src/Timer_Program.o
                0x08003824                MTIMER_vidSetCounterReg
 .text.MTIMER_vidSetCompareReg
                0x08003830        0xc ./src/Timer_Program.o
                0x08003830                MTIMER_vidSetCompareReg
 .text.MTIMER_u16GetCaptuerReg
                0x0800383c        0xc ./src/Timer_Program.o
                0x0800383c                MTIMER_u16GetCaptuerReg
 .text.MTIMER_u16GetCounterReg
                0x08003848        0xc ./src/Timer_Program.o
                0x08003848                MTIMER_u16GetCounterReg
 .text.MTIMER_vidSetCallBackOVF
                0x08003854        0xc ./src/Timer_Program.o
                0x08003854                MTIMER_vidSetCallBackOVF
 .text.MTIMER_vidSetCallBackCMP
                0x08003860        0xc ./src/Timer_Program.o
                0x08003860                MTIMER_vidSetCallBackCMP
 .text.MTIMER_vidSetCallBackICP
                0x0800386c        0xc ./src/Timer_Program.o
                0x0800386c                MTIMER_vidSetCallBackICP
 .text.TIM4_IRQHandler
                0x08003878       0x68 ./src/Timer_Program.o
                0x08003878                TIM4_IRQHandler
 .text.MUSART1_vidInit
                0x080038e0       0x50 ./src/UART_Program.o
                0x080038e0                MUSART1_vidInit
 .text.MUSART1_vidTransmitChar
                0x08003930       0x14 ./src/UART_Program.o
                0x08003930                MUSART1_vidTransmitChar
 .text.MUSART1_vidTransmitString
                0x08003944       0x18 ./src/UART_Program.o
                0x08003944                MUSART1_vidTransmitString
 .text.MUSART1_u8ReceiveChar
                0x0800395c        0xc ./src/UART_Program.o
                0x0800395c                MUSART1_u8ReceiveChar
 .text.MUSART1_vidSetCallBack
                0x08003968        0xc ./src/UART_Program.o
                0x08003968                MUSART1_vidSetCallBack
 .text.MUSART1_vidClearFlag
                0x08003974        0xc ./src/UART_Program.o
                0x08003974                MUSART1_vidClearFlag
 .text.USART1_IRQHandler
                0x08003980       0x10 ./src/UART_Program.o
                0x08003980                USART1_IRQHandler
 .text.App_vidTimerOverFlow
                0x08003990       0x10 ./src/main.o
                0x08003990                App_vidTimerOverFlow
 .text.App_vidHallSensor
                0x080039a0       0x40 ./src/main.o
                0x080039a0                App_vidHallSensor
 .text.App_vidDisplayPattern
                0x080039e0       0x40 ./src/main.o
                0x080039e0                App_vidDisplayPattern
 .text.connectToServer
                0x08003a20       0x14 ./src/main.o
                0x08003a20                connectToServer
 .text.sendLinkLength
                0x08003a34       0x10 ./src/main.o
                0x08003a34                sendLinkLength
 .text.sendMetaDataReq
                0x08003a44       0x14 ./src/main.o
                0x08003a44                sendMetaDataReq
 .text.getVersion
                0x08003a58       0x64 ./src/main.o
                0x08003a58                getVersion
 .text.schedulerBG
                0x08003abc       0x50 ./src/main.o
                0x08003abc                schedulerBG
 .text.JumbToBootLoader
                0x08003b0c       0x30 ./src/main.o
                0x08003b0c                JumbToBootLoader
 .text.main     0x08003b3c      0x150 ./src/main.o
                0x08003b3c                main
 .text.__errno  0x08003c8c        0xc d:/iti/imt tools/sdk/imt_sdk_win_64/winarm/armgcc/bin/../lib/gcc/arm-none-eabi/7.2.1/../../../../arm-none-eabi/lib/thumb/v7-m\libg_nano.a(lib_a-errno.o)
                0x08003c8c                __errno
 .text._vsnprintf_r
                0x08003c98       0x58 d:/iti/imt tools/sdk/imt_sdk_win_64/winarm/armgcc/bin/../lib/gcc/arm-none-eabi/7.2.1/../../../../arm-none-eabi/lib/thumb/v7-m\libg_nano.a(lib_a-vsnprintf.o)
                0x08003c98                _vsniprintf_r
                0x08003c98                _vsnprintf_r
 .text.vsnprintf
                0x08003cf0       0x1c d:/iti/imt tools/sdk/imt_sdk_win_64/winarm/armgcc/bin/../lib/gcc/arm-none-eabi/7.2.1/../../../../arm-none-eabi/lib/thumb/v7-m\libg_nano.a(lib_a-vsnprintf.o)
                0x08003cf0                vsniprintf
                0x08003cf0                vsnprintf
 .text.__ssputs_r
                0x08003d0c       0xb4 d:/iti/imt tools/sdk/imt_sdk_win_64/winarm/armgcc/bin/../lib/gcc/arm-none-eabi/7.2.1/../../../../arm-none-eabi/lib/thumb/v7-m\libg_nano.a(lib_a-nano-svfprintf.o)
                0x08003d0c                __ssputs_r
 .text._svfprintf_r
                0x08003dc0      0x1ec d:/iti/imt tools/sdk/imt_sdk_win_64/winarm/armgcc/bin/../lib/gcc/arm-none-eabi/7.2.1/../../../../arm-none-eabi/lib/thumb/v7-m\libg_nano.a(lib_a-nano-svfprintf.o)
                0x08003dc0                _svfiprintf_r
                0x08003dc0                _svfprintf_r
 .text._printf_common
                0x08003fac       0xec d:/iti/imt tools/sdk/imt_sdk_win_64/winarm/armgcc/bin/../lib/gcc/arm-none-eabi/7.2.1/../../../../arm-none-eabi/lib/thumb/v7-m\libg_nano.a(lib_a-nano-vfprintf_i.o)
                0x08003fac                _printf_common
 .text._printf_i
                0x08004098      0x224 d:/iti/imt tools/sdk/imt_sdk_win_64/winarm/armgcc/bin/../lib/gcc/arm-none-eabi/7.2.1/../../../../arm-none-eabi/lib/thumb/v7-m\libg_nano.a(lib_a-nano-vfprintf_i.o)
                0x08004098                _printf_i
 .text.memchr   0x080042bc       0x1c d:/iti/imt tools/sdk/imt_sdk_win_64/winarm/armgcc/bin/../lib/gcc/arm-none-eabi/7.2.1/../../../../arm-none-eabi/lib/thumb/v7-m\libg_nano.a(lib_a-memchr-stub.o)
                0x080042bc                memchr
 .text.memcpy   0x080042d8       0x16 d:/iti/imt tools/sdk/imt_sdk_win_64/winarm/armgcc/bin/../lib/gcc/arm-none-eabi/7.2.1/../../../../arm-none-eabi/lib/thumb/v7-m\libg_nano.a(lib_a-memcpy-stub.o)
                0x080042d8                memcpy
 .text.memmove  0x080042ee       0x32 d:/iti/imt tools/sdk/imt_sdk_win_64/winarm/armgcc/bin/../lib/gcc/arm-none-eabi/7.2.1/../../../../arm-none-eabi/lib/thumb/v7-m\libg_nano.a(lib_a-memmove.o)
                0x080042ee                memmove
 .text._free_r  0x08004320       0x98 d:/iti/imt tools/sdk/imt_sdk_win_64/winarm/armgcc/bin/../lib/gcc/arm-none-eabi/7.2.1/../../../../arm-none-eabi/lib/thumb/v7-m\libg_nano.a(lib_a-nano-freer.o)
                0x08004320                _free_r
 .text._malloc_r
                0x080043b8       0xb4 d:/iti/imt tools/sdk/imt_sdk_win_64/winarm/armgcc/bin/../lib/gcc/arm-none-eabi/7.2.1/../../../../arm-none-eabi/lib/thumb/v7-m\libg_nano.a(lib_a-nano-mallocr.o)
                0x080043b8                _malloc_r
 .text._realloc_r
                0x0800446c       0x4c d:/iti/imt tools/sdk/imt_sdk_win_64/winarm/armgcc/bin/../lib/gcc/arm-none-eabi/7.2.1/../../../../arm-none-eabi/lib/thumb/v7-m\libg_nano.a(lib_a-nano-reallocr.o)
                0x0800446c                _realloc_r
 .text._sbrk_r  0x080044b8       0x20 d:/iti/imt tools/sdk/imt_sdk_win_64/winarm/armgcc/bin/../lib/gcc/arm-none-eabi/7.2.1/../../../../arm-none-eabi/lib/thumb/v7-m\libg_nano.a(lib_a-sbrkr.o)
                0x080044b8                _sbrk_r
 .text.__malloc_lock
                0x080044d8        0x2 d:/iti/imt tools/sdk/imt_sdk_win_64/winarm/armgcc/bin/../lib/gcc/arm-none-eabi/7.2.1/../../../../arm-none-eabi/lib/thumb/v7-m\libg_nano.a(lib_a-mlock.o)
                0x080044d8                __malloc_lock
 .text.__malloc_unlock
                0x080044da        0x2 d:/iti/imt tools/sdk/imt_sdk_win_64/winarm/armgcc/bin/../lib/gcc/arm-none-eabi/7.2.1/../../../../arm-none-eabi/lib/thumb/v7-m\libg_nano.a(lib_a-mlock.o)
                0x080044da                __malloc_unlock
 .text._malloc_usable_size_r
                0x080044dc       0x10 d:/iti/imt tools/sdk/imt_sdk_win_64/winarm/armgcc/bin/../lib/gcc/arm-none-eabi/7.2.1/../../../../arm-none-eabi/lib/thumb/v7-m\libg_nano.a(lib_a-nano-msizer.o)
                0x080044dc                _malloc_usable_size_r
 *(.rodata .rodata.* .constdata .constdata.*)
 .rodata.dumpExceptionStack.str1.4
                0x080044ec      0x11a ./system/src/cortexm/exception_handlers.o
 *fill*         0x08004606        0x2 
 .rodata.str1.4
                0x08004608       0x2a ./system/src/cortexm/exception_handlers.o
 *fill*         0x08004632        0x2 
 .rodata.ESP_vidConnectServerTCP.str1.4
                0x08004634       0x17 ./src/ESP_Program.o
                                 0x1b (size before relaxing)
 *fill*         0x0800464b        0x1 
 .rodata.ESP_vidConnectWiFi.str1.4
                0x0800464c       0x14 ./src/ESP_Program.o
                                 0x18 (size before relaxing)
 .rodata.ESP_vidInit.str1.4
                0x08004660       0x22 ./src/ESP_Program.o
 *fill*         0x08004682        0x2 
 .rodata.connectToServer.str1.4
                0x08004684       0x1c ./src/main.o
 .rodata.main.str1.4
                0x080046a0       0x12 ./src/main.o
 *fill*         0x080046b2        0x2 
 .rodata.sendLinkLength.str1.4
                0x080046b4       0x10 ./src/main.o
 .rodata.sendMetaDataReq.str1.4
                0x080046c4       0x2c ./src/main.o
                                 0x2b (size before relaxing)
 .rodata._svfprintf_r.str1.1
                0x080046f0       0x11 d:/iti/imt tools/sdk/imt_sdk_win_64/winarm/armgcc/bin/../lib/gcc/arm-none-eabi/7.2.1/../../../../arm-none-eabi/lib/thumb/v7-m\libg_nano.a(lib_a-nano-svfprintf.o)
 .rodata._printf_i.str1.1
                0x08004701       0x22 d:/iti/imt tools/sdk/imt_sdk_win_64/winarm/armgcc/bin/../lib/gcc/arm-none-eabi/7.2.1/../../../../arm-none-eabi/lib/thumb/v7-m\libg_nano.a(lib_a-nano-vfprintf_i.o)
 *(vtable)
 *(.eh_frame*)
 *(.glue_7)
 .glue_7        0x08004723        0x0 linker stubs
 *(.glue_7t)
 .glue_7t       0x08004723        0x0 linker stubs

.vfp11_veneer   0x08004724        0x0
 .vfp11_veneer  0x08004724        0x0 linker stubs

.v4_bx          0x08004724        0x0
 .v4_bx         0x08004724        0x0 linker stubs

.iplt           0x08004724        0x0
 .iplt          0x08004724        0x0 ./system/src/newlib/_exit.o

.rel.dyn        0x08004724        0x0
 .rel.iplt      0x08004724        0x0 ./system/src/newlib/_exit.o

.ARM.extab
 *(.ARM.extab* .gnu.linkonce.armextab.*)
                0x08004724                . = ALIGN (0x4)
                0x08004724                __exidx_start = .

.ARM.exidx
 *(.ARM.exidx* .gnu.linkonce.armexidx.*)
                0x08004724                __exidx_end = .
                0x08004724                . = ALIGN (0x4)
                0x08004724                _etext = .
                0x08004724                __etext = .

.data_CCMRAM    0x00000000        0x0 load address 0x08004724
 FILL mask 0xff
 *(.data.CCMRAM .data.CCMRAM.*)
                0x00000000                . = ALIGN (0x4)
                0x08004724                _sidata = LOADADDR (.data)

.data           0x20000000       0xc8 load address 0x08004724
 FILL mask 0xff
                0x20000000                _sdata = .
                0x20000000                __data_start__ = .
 *(.data_begin .data_begin.*)
 .data_begin    0x20000000        0x4 ./system/src/newlib/_startup.o
 *(.data .data.*)
 .data.argv.4310
                0x20000004        0x8 ./system/src/newlib/_syscalls.o
 .data.AHBPrescTable
                0x2000000c       0x10 ./system/src/cmsis/system_stm32f10x.o
                0x2000000c                AHBPrescTable
 .data.SystemCoreClock
                0x2000001c        0x4 ./system/src/cmsis/system_stm32f10x.o
                0x2000001c                SystemCoreClock
 .data.PovDisplayArray
                0x20000020       0x40 ./src/main.o
                0x20000020                PovDisplayArray
 .data._impure_ptr
                0x20000060        0x4 d:/iti/imt tools/sdk/imt_sdk_win_64/winarm/armgcc/bin/../lib/gcc/arm-none-eabi/7.2.1/../../../../arm-none-eabi/lib/thumb/v7-m\libg_nano.a(lib_a-impure.o)
                0x20000060                _impure_ptr
 .data.impure_data
                0x20000064       0x60 d:/iti/imt tools/sdk/imt_sdk_win_64/winarm/armgcc/bin/../lib/gcc/arm-none-eabi/7.2.1/../../../../arm-none-eabi/lib/thumb/v7-m\libg_nano.a(lib_a-impure.o)
 *(.data_end .data_end.*)
 .data_end      0x200000c4        0x4 ./system/src/newlib/_startup.o
                0x200000c8                . = ALIGN (0x4)
                0x200000c8                _edata = .
                0x200000c8                __data_end__ = .

.igot.plt       0x200000c8        0x0 load address 0x080047ec
 .igot.plt      0x200000c8        0x0 ./system/src/newlib/_exit.o

.bss_CCMRAM     0x00000000        0x0
 *(.bss.CCMRAM .bss.CCMRAM.*)

.bss            0x200000c8      0x6e0
                0x200000c8                __bss_start__ = .
                0x200000c8                _sbss = .
 *(.bss_begin .bss_begin.*)
 .bss_begin     0x200000c8        0x4 ./system/src/newlib/_startup.o
 *(.bss .bss.*)
 .bss.current_heap_end.3961
                0x200000cc        0x4 ./system/src/newlib/_sbrk.o
 .bss.name.4309
                0x200000d0        0x1 ./system/src/newlib/_syscalls.o
 *fill*         0x200000d1        0x3 
 .bss.buf.5205  0x200000d4       0x80 ./system/src/diag/Trace.o
 .bss.Char      0x20000154        0x1 ./src/ESP_Program.o
 *fill*         0x20000155        0x3 
 .bss.CheckData
                0x20000158       0xc8 ./src/ESP_Program.o
                0x20000158                CheckData
 .bss.Counter   0x20000220        0x1 ./src/ESP_Program.o
 .bss.Line      0x20000221        0x1 ./src/ESP_Program.o
 .bss.Program_Flag
                0x20000222        0x1 ./src/ESP_Program.o
 *fill*         0x20000223        0x1 
 .bss.RealData  0x20000224      0x546 ./src/ESP_Program.o
                0x20000224                RealData
 .bss.StartData_Flag
                0x2000076a        0x1 ./src/ESP_Program.o
 .bss.StartRecord_Flag
                0x2000076b        0x1 ./src/ESP_Program.o
 .bss.flag      0x2000076c        0x1 ./src/SyStick_Program.o
 *fill*         0x2000076d        0x3 
 .bss.ptr_CallBack
                0x20000770        0x4 ./src/SyStick_Program.o
 .bss.CMP_CallBack
                0x20000774        0x4 ./src/Timer_Program.o
 .bss.ICP_CallBack
                0x20000778        0x4 ./src/Timer_Program.o
 .bss.OVF_CallBack
                0x2000077c        0x4 ./src/Timer_Program.o
 .bss.OverFlowCounter
                0x20000780        0x2 ./src/main.o
                0x20000780                OverFlowCounter
 .bss.POV_DisplayCounter
                0x20000782        0x1 ./src/main.o
                0x20000782                POV_DisplayCounter
 *fill*         0x20000783        0x1 
 .bss.POV_PatternStep
                0x20000784        0x4 ./src/main.o
                0x20000784                POV_PatternStep
 .bss.newVerFlag
                0x20000788        0x1 ./src/main.o
                0x20000788                newVerFlag
 *fill*         0x20000789        0x1 
 .bss.schCounter
                0x2000078a        0x2 ./src/main.o
                0x2000078a                schCounter
 .bss.__malloc_free_list
                0x2000078c        0x4 d:/iti/imt tools/sdk/imt_sdk_win_64/winarm/armgcc/bin/../lib/gcc/arm-none-eabi/7.2.1/../../../../arm-none-eabi/lib/thumb/v7-m\libg_nano.a(lib_a-nano-mallocr.o)
                0x2000078c                __malloc_free_list
 .bss.__malloc_sbrk_start
                0x20000790        0x4 d:/iti/imt tools/sdk/imt_sdk_win_64/winarm/armgcc/bin/../lib/gcc/arm-none-eabi/7.2.1/../../../../arm-none-eabi/lib/thumb/v7-m\libg_nano.a(lib_a-nano-mallocr.o)
                0x20000790                __malloc_sbrk_start
 *(COMMON)
 COMMON         0x20000794        0x4 ./system/src/newlib/_syscalls.o
                0x20000794                errno
 COMMON         0x20000798        0x4 ./src/UART_Program.o
                0x20000798                MUSART1_CallBack
 COMMON         0x2000079c        0x6 ./src/main.o
                0x2000079c                metadata
 *(.bss_end .bss_end.*)
 *fill*         0x200007a2        0x2 
 .bss_end       0x200007a4        0x4 ./system/src/newlib/_startup.o
                0x200007a8                . = ALIGN (0x4)
                0x200007a8                __bss_end__ = .
                0x200007a8                _ebss = .

.noinit_CCMRAM
 *(.noinit.CCMRAM .noinit.CCMRAM.*)

.noinit         0x200007a8        0x0
                0x200007a8                _noinit = .
 *(.noinit .noinit.*)
                0x200007a8                . = ALIGN (0x4)
                0x200007a8                _end_noinit = .
                [!provide]                PROVIDE (end, _end_noinit)
                [!provide]                PROVIDE (_end, _end_noinit)
                [!provide]                PROVIDE (__end, _end_noinit)
                [!provide]                PROVIDE (__end__, _end_noinit)

._check_stack   0x200007a8      0x100
                0x200008a8                . = (. + _Minimum_Stack_Size)
 *fill*         0x200007a8      0x100 

.b1text
 *(.b1text)
 *(.b1rodata)
 *(.b1rodata.*)

.eb0text
 *(.eb0text)
 *(.eb0rodata)
 *(.eb0rodata.*)

.eb1text
 *(.eb1text)
 *(.eb1rodata)
 *(.eb1rodata.*)

.eb2text
 *(.eb2text)
 *(.eb2rodata)
 *(.eb2rodata.*)

.eb3text
 *(.eb3text)
 *(.eb3rodata)
 *(.eb3rodata.*)

.stab
 *(.stab)

.stabstr
 *(.stabstr)

.stab.excl
 *(.stab.excl)

.stab.exclstr
 *(.stab.exclstr)

.stab.index
 *(.stab.index)

.stab.indexstr
 *(.stab.indexstr)

.comment        0x00000000       0x7e
 *(.comment)
 .comment       0x00000000       0x7e ./system/src/newlib/_exit.o
                                 0x7f (size before relaxing)
 .comment       0x0000007e       0x7f ./system/src/newlib/_sbrk.o
 .comment       0x0000007e       0x7f ./system/src/newlib/_startup.o
 .comment       0x0000007e       0x7f ./system/src/newlib/_syscalls.o
 .comment       0x0000007e       0x7f ./system/src/diag/Trace.o
 .comment       0x0000007e       0x7f ./system/src/diag/trace_impl.o
 .comment       0x0000007e       0x7f ./system/src/cortexm/_initialize_hardware.o
 .comment       0x0000007e       0x7f ./system/src/cortexm/exception_handlers.o
 .comment       0x0000007e       0x7f ./system/src/cmsis/system_stm32f10x.o
 .comment       0x0000007e       0x7f ./system/src/cmsis/vectors_stm32f10x.o
 .comment       0x0000007e       0x7f ./src/DIO_Program.o
 .comment       0x0000007e       0x7f ./src/ESP_Program.o
 .comment       0x0000007e       0x7f ./src/FPEC_Program.o
 .comment       0x0000007e       0x7f ./src/LED_Program.o
 .comment       0x0000007e       0x7f ./src/NVIC_Program.o
 .comment       0x0000007e       0x7f ./src/RCC_Program.o
 .comment       0x0000007e       0x7f ./src/SyStick_Program.o
 .comment       0x0000007e       0x7f ./src/Timer_Program.o
 .comment       0x0000007e       0x7f ./src/UART_Program.o
 .comment       0x0000007e       0x7f ./src/main.o

.ARM.attributes
                0x00000000       0x31
 .ARM.attributes
                0x00000000       0x33 ./system/src/newlib/_exit.o
 .ARM.attributes
                0x00000033       0x33 ./system/src/newlib/_sbrk.o
 .ARM.attributes
                0x00000066       0x33 ./system/src/newlib/_startup.o
 .ARM.attributes
                0x00000099       0x33 ./system/src/newlib/_syscalls.o
 .ARM.attributes
                0x000000cc       0x33 ./system/src/diag/Trace.o
 .ARM.attributes
                0x000000ff       0x33 ./system/src/diag/trace_impl.o
 .ARM.attributes
                0x00000132       0x33 ./system/src/cortexm/_initialize_hardware.o
 .ARM.attributes
                0x00000165       0x33 ./system/src/cortexm/exception_handlers.o
 .ARM.attributes
                0x00000198       0x33 ./system/src/cmsis/system_stm32f10x.o
 .ARM.attributes
                0x000001cb       0x33 ./system/src/cmsis/vectors_stm32f10x.o
 .ARM.attributes
                0x000001fe       0x33 ./src/DIO_Program.o
 .ARM.attributes
                0x00000231       0x33 ./src/ESP_Program.o
 .ARM.attributes
                0x00000264       0x33 ./src/FPEC_Program.o
 .ARM.attributes
                0x00000297       0x33 ./src/LED_Program.o
 .ARM.attributes
                0x000002ca       0x33 ./src/NVIC_Program.o
 .ARM.attributes
                0x000002fd       0x33 ./src/RCC_Program.o
 .ARM.attributes
                0x00000330       0x33 ./src/SyStick_Program.o
 .ARM.attributes
                0x00000363       0x33 ./src/Timer_Program.o
 .ARM.attributes
                0x00000396       0x33 ./src/UART_Program.o
 .ARM.attributes
                0x000003c9       0x33 ./src/main.o
 .ARM.attributes
                0x000003fc       0x2d d:/iti/imt tools/sdk/imt_sdk_win_64/winarm/armgcc/bin/../lib/gcc/arm-none-eabi/7.2.1/../../../../arm-none-eabi/lib/thumb/v7-m\libg_nano.a(lib_a-errno.o)
 .ARM.attributes
                0x00000429       0x2d d:/iti/imt tools/sdk/imt_sdk_win_64/winarm/armgcc/bin/../lib/gcc/arm-none-eabi/7.2.1/../../../../arm-none-eabi/lib/thumb/v7-m\libg_nano.a(lib_a-impure.o)
 .ARM.attributes
                0x00000456       0x2d d:/iti/imt tools/sdk/imt_sdk_win_64/winarm/armgcc/bin/../lib/gcc/arm-none-eabi/7.2.1/../../../../arm-none-eabi/lib/thumb/v7-m\libg_nano.a(lib_a-vsnprintf.o)
 .ARM.attributes
                0x00000483       0x2d d:/iti/imt tools/sdk/imt_sdk_win_64/winarm/armgcc/bin/../lib/gcc/arm-none-eabi/7.2.1/../../../../arm-none-eabi/lib/thumb/v7-m\libg_nano.a(lib_a-nano-svfprintf.o)
 .ARM.attributes
                0x000004b0       0x2d d:/iti/imt tools/sdk/imt_sdk_win_64/winarm/armgcc/bin/../lib/gcc/arm-none-eabi/7.2.1/../../../../arm-none-eabi/lib/thumb/v7-m\libg_nano.a(lib_a-nano-vfprintf_i.o)
 .ARM.attributes
                0x000004dd       0x2d d:/iti/imt tools/sdk/imt_sdk_win_64/winarm/armgcc/bin/../lib/gcc/arm-none-eabi/7.2.1/../../../../arm-none-eabi/lib/thumb/v7-m\libg_nano.a(lib_a-memchr-stub.o)
 .ARM.attributes
                0x0000050a       0x2d d:/iti/imt tools/sdk/imt_sdk_win_64/winarm/armgcc/bin/../lib/gcc/arm-none-eabi/7.2.1/../../../../arm-none-eabi/lib/thumb/v7-m\libg_nano.a(lib_a-memcpy-stub.o)
 .ARM.attributes
                0x00000537       0x2d d:/iti/imt tools/sdk/imt_sdk_win_64/winarm/armgcc/bin/../lib/gcc/arm-none-eabi/7.2.1/../../../../arm-none-eabi/lib/thumb/v7-m\libg_nano.a(lib_a-memmove.o)
 .ARM.attributes
                0x00000564       0x2d d:/iti/imt tools/sdk/imt_sdk_win_64/winarm/armgcc/bin/../lib/gcc/arm-none-eabi/7.2.1/../../../../arm-none-eabi/lib/thumb/v7-m\libg_nano.a(lib_a-nano-freer.o)
 .ARM.attributes
                0x00000591       0x2d d:/iti/imt tools/sdk/imt_sdk_win_64/winarm/armgcc/bin/../lib/gcc/arm-none-eabi/7.2.1/../../../../arm-none-eabi/lib/thumb/v7-m\libg_nano.a(lib_a-nano-mallocr.o)
 .ARM.attributes
                0x000005be       0x2d d:/iti/imt tools/sdk/imt_sdk_win_64/winarm/armgcc/bin/../lib/gcc/arm-none-eabi/7.2.1/../../../../arm-none-eabi/lib/thumb/v7-m\libg_nano.a(lib_a-nano-reallocr.o)
 .ARM.attributes
                0x000005eb       0x2d d:/iti/imt tools/sdk/imt_sdk_win_64/winarm/armgcc/bin/../lib/gcc/arm-none-eabi/7.2.1/../../../../arm-none-eabi/lib/thumb/v7-m\libg_nano.a(lib_a-sbrkr.o)
 .ARM.attributes
                0x00000618       0x2d d:/iti/imt tools/sdk/imt_sdk_win_64/winarm/armgcc/bin/../lib/gcc/arm-none-eabi/7.2.1/../../../../arm-none-eabi/lib/thumb/v7-m\libg_nano.a(lib_a-mlock.o)
 .ARM.attributes
                0x00000645       0x2d d:/iti/imt tools/sdk/imt_sdk_win_64/winarm/armgcc/bin/../lib/gcc/arm-none-eabi/7.2.1/../../../../arm-none-eabi/lib/thumb/v7-m\libg_nano.a(lib_a-nano-msizer.o)

.debug
 *(.debug)

.line
 *(.line)

.debug_srcinfo
 *(.debug_srcinfo)

.debug_sfnames
 *(.debug_sfnames)

.debug_aranges  0x00000000      0x540
 *(.debug_aranges)
 .debug_aranges
                0x00000000       0x28 ./system/src/newlib/_exit.o
 .debug_aranges
                0x00000028       0x20 ./system/src/newlib/_sbrk.o
 .debug_aranges
                0x00000048       0x40 ./system/src/newlib/_startup.o
 .debug_aranges
                0x00000088       0x30 ./system/src/newlib/_syscalls.o
 .debug_aranges
                0x000000b8       0x38 ./system/src/diag/Trace.o
 .debug_aranges
                0x000000f0       0x30 ./system/src/diag/trace_impl.o
 .debug_aranges
                0x00000120       0x28 ./system/src/cortexm/_initialize_hardware.o
 .debug_aranges
                0x00000148       0x90 ./system/src/cortexm/exception_handlers.o
 .debug_aranges
                0x000001d8       0x38 ./system/src/cmsis/system_stm32f10x.o
 .debug_aranges
                0x00000210       0x20 ./system/src/cmsis/vectors_stm32f10x.o
 .debug_aranges
                0x00000230       0x60 ./src/DIO_Program.o
 .debug_aranges
                0x00000290       0x50 ./src/ESP_Program.o
 .debug_aranges
                0x000002e0       0x30 ./src/FPEC_Program.o
 .debug_aranges
                0x00000310       0x38 ./src/LED_Program.o
 .debug_aranges
                0x00000348       0x50 ./src/NVIC_Program.o
 .debug_aranges
                0x00000398       0x30 ./src/RCC_Program.o
 .debug_aranges
                0x000003c8       0x58 ./src/SyStick_Program.o
 .debug_aranges
                0x00000420       0x60 ./src/Timer_Program.o
 .debug_aranges
                0x00000480       0x58 ./src/UART_Program.o
 .debug_aranges
                0x000004d8       0x68 ./src/main.o

.debug_pubnames
 *(.debug_pubnames)

.debug_info     0x00000000     0x694c
 *(.debug_info .gnu.linkonce.wi.*)
 .debug_info    0x00000000      0x956 ./system/src/newlib/_exit.o
 .debug_info    0x00000956      0x942 ./system/src/newlib/_sbrk.o
 .debug_info    0x00001298      0x42e ./system/src/newlib/_startup.o
 .debug_info    0x000016c6      0xa19 ./system/src/newlib/_syscalls.o
 .debug_info    0x000020df      0xb2a ./system/src/diag/Trace.o
 .debug_info    0x00002c09      0x363 ./system/src/diag/trace_impl.o
 .debug_info    0x00002f6c      0x2b5 ./system/src/cortexm/_initialize_hardware.o
 .debug_info    0x00003221     0x1140 ./system/src/cortexm/exception_handlers.o
 .debug_info    0x00004361      0x494 ./system/src/cmsis/system_stm32f10x.o
 .debug_info    0x000047f5       0xca ./system/src/cmsis/vectors_stm32f10x.o
 .debug_info    0x000048bf      0x3a8 ./src/DIO_Program.o
 .debug_info    0x00004c67      0x5f7 ./src/ESP_Program.o
 .debug_info    0x0000525e      0x1bd ./src/FPEC_Program.o
 .debug_info    0x0000541b      0x40e ./src/LED_Program.o
 .debug_info    0x00005829      0x195 ./src/NVIC_Program.o
 .debug_info    0x000059be      0x190 ./src/RCC_Program.o
 .debug_info    0x00005b4e      0x17e ./src/SyStick_Program.o
 .debug_info    0x00005ccc      0x2b2 ./src/Timer_Program.o
 .debug_info    0x00005f7e      0x217 ./src/UART_Program.o
 .debug_info    0x00006195      0x7b7 ./src/main.o

.debug_abbrev   0x00000000     0x1c7a
 *(.debug_abbrev)
 .debug_abbrev  0x00000000      0x1f3 ./system/src/newlib/_exit.o
 .debug_abbrev  0x000001f3      0x1fc ./system/src/newlib/_sbrk.o
 .debug_abbrev  0x000003ef      0x1b3 ./system/src/newlib/_startup.o
 .debug_abbrev  0x000005a2      0x234 ./system/src/newlib/_syscalls.o
 .debug_abbrev  0x000007d6      0x276 ./system/src/diag/Trace.o
 .debug_abbrev  0x00000a4c      0x1e2 ./system/src/diag/trace_impl.o
 .debug_abbrev  0x00000c2e       0xea ./system/src/cortexm/_initialize_hardware.o
 .debug_abbrev  0x00000d18      0x32b ./system/src/cortexm/exception_handlers.o
 .debug_abbrev  0x00001043      0x177 ./system/src/cmsis/system_stm32f10x.o
 .debug_abbrev  0x000011ba       0x9d ./system/src/cmsis/vectors_stm32f10x.o
 .debug_abbrev  0x00001257      0x135 ./src/DIO_Program.o
 .debug_abbrev  0x0000138c      0x108 ./src/ESP_Program.o
 .debug_abbrev  0x00001494       0xfc ./src/FPEC_Program.o
 .debug_abbrev  0x00001590       0x8d ./src/LED_Program.o
 .debug_abbrev  0x0000161d       0xaa ./src/NVIC_Program.o
 .debug_abbrev  0x000016c7       0xb1 ./src/RCC_Program.o
 .debug_abbrev  0x00001778       0xd0 ./src/SyStick_Program.o
 .debug_abbrev  0x00001848      0x10f ./src/Timer_Program.o
 .debug_abbrev  0x00001957      0x151 ./src/UART_Program.o
 .debug_abbrev  0x00001aa8      0x1d2 ./src/main.o

.debug_line     0x00000000     0x35a0
 *(.debug_line)
 .debug_line    0x00000000      0x33f ./system/src/newlib/_exit.o
 .debug_line    0x0000033f      0x2f3 ./system/src/newlib/_sbrk.o
 .debug_line    0x00000632      0x3ad ./system/src/newlib/_startup.o
 .debug_line    0x000009df      0x405 ./system/src/newlib/_syscalls.o
 .debug_line    0x00000de4      0x3bb ./system/src/diag/Trace.o
 .debug_line    0x0000119f      0x628 ./system/src/diag/trace_impl.o
 .debug_line    0x000017c7      0x370 ./system/src/cortexm/_initialize_hardware.o
 .debug_line    0x00001b37      0x6ea ./system/src/cortexm/exception_handlers.o
 .debug_line    0x00002221      0x3e3 ./system/src/cmsis/system_stm32f10x.o
 .debug_line    0x00002604       0xfc ./system/src/cmsis/vectors_stm32f10x.o
 .debug_line    0x00002700      0x20e ./src/DIO_Program.o
 .debug_line    0x0000290e      0x207 ./src/ESP_Program.o
 .debug_line    0x00002b15      0x11c ./src/FPEC_Program.o
 .debug_line    0x00002c31      0x101 ./src/LED_Program.o
 .debug_line    0x00002d32      0x132 ./src/NVIC_Program.o
 .debug_line    0x00002e64       0xea ./src/RCC_Program.o
 .debug_line    0x00002f4e      0x142 ./src/SyStick_Program.o
 .debug_line    0x00003090      0x164 ./src/Timer_Program.o
 .debug_line    0x000031f4      0x15c ./src/UART_Program.o
 .debug_line    0x00003350      0x250 ./src/main.o

.debug_frame    0x00000000      0xd28
 *(.debug_frame)
 .debug_frame   0x00000000       0x38 ./system/src/newlib/_exit.o
 .debug_frame   0x00000038       0x28 ./system/src/newlib/_sbrk.o
 .debug_frame   0x00000060       0x7c ./system/src/newlib/_startup.o
 .debug_frame   0x000000dc       0x50 ./system/src/newlib/_syscalls.o
 .debug_frame   0x0000012c       0x94 ./system/src/diag/Trace.o
 .debug_frame   0x000001c0       0x64 ./system/src/diag/trace_impl.o
 .debug_frame   0x00000224       0x40 ./system/src/cortexm/_initialize_hardware.o
 .debug_frame   0x00000264      0x158 ./system/src/cortexm/exception_handlers.o
 .debug_frame   0x000003bc       0x6c ./system/src/cmsis/system_stm32f10x.o
 .debug_frame   0x00000428       0x20 ./system/src/cmsis/vectors_stm32f10x.o
 .debug_frame   0x00000448       0xb8 ./src/DIO_Program.o
 .debug_frame   0x00000500       0xbc ./src/ESP_Program.o
 .debug_frame   0x000005bc       0x5c ./src/FPEC_Program.o
 .debug_frame   0x00000618       0x70 ./src/LED_Program.o
 .debug_frame   0x00000688       0x80 ./src/NVIC_Program.o
 .debug_frame   0x00000708       0x40 ./src/RCC_Program.o
 .debug_frame   0x00000748       0x98 ./src/SyStick_Program.o
 .debug_frame   0x000007e0       0xa8 ./src/Timer_Program.o
 .debug_frame   0x00000888       0xac ./src/UART_Program.o
 .debug_frame   0x00000934      0x104 ./src/main.o
 .debug_frame   0x00000a38       0x20 d:/iti/imt tools/sdk/imt_sdk_win_64/winarm/armgcc/bin/../lib/gcc/arm-none-eabi/7.2.1/../../../../arm-none-eabi/lib/thumb/v7-m\libg_nano.a(lib_a-errno.o)
 .debug_frame   0x00000a58       0x4c d:/iti/imt tools/sdk/imt_sdk_win_64/winarm/armgcc/bin/../lib/gcc/arm-none-eabi/7.2.1/../../../../arm-none-eabi/lib/thumb/v7-m\libg_nano.a(lib_a-vsnprintf.o)
 .debug_frame   0x00000aa4       0x90 d:/iti/imt tools/sdk/imt_sdk_win_64/winarm/armgcc/bin/../lib/gcc/arm-none-eabi/7.2.1/../../../../arm-none-eabi/lib/thumb/v7-m\libg_nano.a(lib_a-nano-svfprintf.o)
 .debug_frame   0x00000b34       0x60 d:/iti/imt tools/sdk/imt_sdk_win_64/winarm/armgcc/bin/../lib/gcc/arm-none-eabi/7.2.1/../../../../arm-none-eabi/lib/thumb/v7-m\libg_nano.a(lib_a-nano-vfprintf_i.o)
 .debug_frame   0x00000b94       0x28 d:/iti/imt tools/sdk/imt_sdk_win_64/winarm/armgcc/bin/../lib/gcc/arm-none-eabi/7.2.1/../../../../arm-none-eabi/lib/thumb/v7-m\libg_nano.a(lib_a-memchr-stub.o)
 .debug_frame   0x00000bbc       0x28 d:/iti/imt tools/sdk/imt_sdk_win_64/winarm/armgcc/bin/../lib/gcc/arm-none-eabi/7.2.1/../../../../arm-none-eabi/lib/thumb/v7-m\libg_nano.a(lib_a-memcpy-stub.o)
 .debug_frame   0x00000be4       0x28 d:/iti/imt tools/sdk/imt_sdk_win_64/winarm/armgcc/bin/../lib/gcc/arm-none-eabi/7.2.1/../../../../arm-none-eabi/lib/thumb/v7-m\libg_nano.a(lib_a-memmove.o)
 .debug_frame   0x00000c0c       0x38 d:/iti/imt tools/sdk/imt_sdk_win_64/winarm/armgcc/bin/../lib/gcc/arm-none-eabi/7.2.1/../../../../arm-none-eabi/lib/thumb/v7-m\libg_nano.a(lib_a-nano-freer.o)
 .debug_frame   0x00000c44       0x2c d:/iti/imt tools/sdk/imt_sdk_win_64/winarm/armgcc/bin/../lib/gcc/arm-none-eabi/7.2.1/../../../../arm-none-eabi/lib/thumb/v7-m\libg_nano.a(lib_a-nano-mallocr.o)
 .debug_frame   0x00000c70       0x3c d:/iti/imt tools/sdk/imt_sdk_win_64/winarm/armgcc/bin/../lib/gcc/arm-none-eabi/7.2.1/../../../../arm-none-eabi/lib/thumb/v7-m\libg_nano.a(lib_a-nano-reallocr.o)
 .debug_frame   0x00000cac       0x2c d:/iti/imt tools/sdk/imt_sdk_win_64/winarm/armgcc/bin/../lib/gcc/arm-none-eabi/7.2.1/../../../../arm-none-eabi/lib/thumb/v7-m\libg_nano.a(lib_a-sbrkr.o)
 .debug_frame   0x00000cd8       0x30 d:/iti/imt tools/sdk/imt_sdk_win_64/winarm/armgcc/bin/../lib/gcc/arm-none-eabi/7.2.1/../../../../arm-none-eabi/lib/thumb/v7-m\libg_nano.a(lib_a-mlock.o)
 .debug_frame   0x00000d08       0x20 d:/iti/imt tools/sdk/imt_sdk_win_64/winarm/armgcc/bin/../lib/gcc/arm-none-eabi/7.2.1/../../../../arm-none-eabi/lib/thumb/v7-m\libg_nano.a(lib_a-nano-msizer.o)

.debug_str      0x00000000    0x578e7
 *(.debug_str)
 .debug_str     0x00000000     0x7d0c ./system/src/newlib/_exit.o
                               0x7edf (size before relaxing)
 .debug_str     0x00007d0c      0x4f5 ./system/src/newlib/_sbrk.o
                               0x7291 (size before relaxing)
 .debug_str     0x00008201      0xbbd ./system/src/newlib/_startup.o
                               0x69cc (size before relaxing)
 .debug_str     0x00008dbe      0xe8b ./system/src/newlib/_syscalls.o
                               0x816c (size before relaxing)
 .debug_str     0x00009c49      0x826 ./system/src/diag/Trace.o
                               0x8657 (size before relaxing)
 .debug_str     0x0000a46f    0x4b2b9 ./system/src/diag/trace_impl.o
                              0x52a3d (size before relaxing)
 .debug_str     0x00055728       0xc4 ./system/src/cortexm/_initialize_hardware.o
                              0x4e82e (size before relaxing)
 .debug_str     0x000557ec      0x1a6 ./system/src/cortexm/exception_handlers.o
                              0x53c62 (size before relaxing)
 .debug_str     0x00055992      0x114 ./system/src/cmsis/system_stm32f10x.o
                              0x4e8c8 (size before relaxing)
 .debug_str     0x00055aa6       0x57 ./system/src/cmsis/vectors_stm32f10x.o
                               0x386d (size before relaxing)
 .debug_str     0x00055afd      0x4d9 ./src/DIO_Program.o
                               0x3250 (size before relaxing)
 .debug_str     0x00055fd6      0x230 ./src/ESP_Program.o
                               0x306e (size before relaxing)
 .debug_str     0x00056206       0xf3 ./src/FPEC_Program.o
                               0x2f28 (size before relaxing)
 .debug_str     0x000562f9      0x65c ./src/LED_Program.o
                               0x372b (size before relaxing)
 .debug_str     0x00056955      0x41f ./src/NVIC_Program.o
                               0x3239 (size before relaxing)
 .debug_str     0x00056d74      0x141 ./src/RCC_Program.o
                               0x34d6 (size before relaxing)
 .debug_str     0x00056eb5      0x1c7 ./src/SyStick_Program.o
                               0x301b (size before relaxing)
 .debug_str     0x0005707c      0x3f0 ./src/Timer_Program.o
                               0x320a (size before relaxing)
 .debug_str     0x0005746c      0x2cb ./src/UART_Program.o
                               0x3182 (size before relaxing)
 .debug_str     0x00057737      0x1b0 ./src/main.o
                               0x3ab6 (size before relaxing)

.debug_loc      0x00000000     0x189d
 *(.debug_loc)
 .debug_loc     0x00000000       0x85 ./system/src/newlib/_sbrk.o
 .debug_loc     0x00000085      0x1a9 ./system/src/newlib/_startup.o
 .debug_loc     0x0000022e       0x63 ./system/src/newlib/_syscalls.o
 .debug_loc     0x00000291       0xf6 ./system/src/diag/Trace.o
 .debug_loc     0x00000387      0x121 ./system/src/diag/trace_impl.o
 .debug_loc     0x000004a8      0x291 ./system/src/cortexm/exception_handlers.o
 .debug_loc     0x00000739       0xdf ./system/src/cmsis/system_stm32f10x.o
 .debug_loc     0x00000818      0x927 ./src/DIO_Program.o
 .debug_loc     0x0000113f      0x17b ./src/ESP_Program.o
 .debug_loc     0x000012ba       0x87 ./src/FPEC_Program.o
 .debug_loc     0x00001341       0x21 ./src/LED_Program.o
 .debug_loc     0x00001362      0x204 ./src/NVIC_Program.o
 .debug_loc     0x00001566      0x16b ./src/RCC_Program.o
 .debug_loc     0x000016d1       0x67 ./src/UART_Program.o
 .debug_loc     0x00001738      0x165 ./src/main.o

.debug_macinfo
 *(.debug_macinfo)

.debug_weaknames
 *(.debug_weaknames)

.debug_funcnames
 *(.debug_funcnames)

.debug_typenames
 *(.debug_typenames)

.debug_varnames
 *(.debug_varnames)
OUTPUT(ARM_bootloader_APP.elf elf32-littlearm)

.debug_ranges   0x00000000      0x4f0
 .debug_ranges  0x00000000       0x18 ./system/src/newlib/_exit.o
 .debug_ranges  0x00000018       0x10 ./system/src/newlib/_sbrk.o
 .debug_ranges  0x00000028       0x78 ./system/src/newlib/_startup.o
 .debug_ranges  0x000000a0       0x20 ./system/src/newlib/_syscalls.o
 .debug_ranges  0x000000c0       0x28 ./system/src/diag/Trace.o
 .debug_ranges  0x000000e8       0x50 ./system/src/diag/trace_impl.o
 .debug_ranges  0x00000138       0x18 ./system/src/cortexm/_initialize_hardware.o
 .debug_ranges  0x00000150       0x80 ./system/src/cortexm/exception_handlers.o
 .debug_ranges  0x000001d0       0x28 ./system/src/cmsis/system_stm32f10x.o
 .debug_ranges  0x000001f8       0x10 ./system/src/cmsis/vectors_stm32f10x.o
 .debug_ranges  0x00000208       0x50 ./src/DIO_Program.o
 .debug_ranges  0x00000258       0x88 ./src/ESP_Program.o
 .debug_ranges  0x000002e0       0x20 ./src/FPEC_Program.o
 .debug_ranges  0x00000300       0x28 ./src/LED_Program.o
 .debug_ranges  0x00000328       0x40 ./src/NVIC_Program.o
 .debug_ranges  0x00000368       0x20 ./src/RCC_Program.o
 .debug_ranges  0x00000388       0x48 ./src/SyStick_Program.o
 .debug_ranges  0x000003d0       0x50 ./src/Timer_Program.o
 .debug_ranges  0x00000420       0x48 ./src/UART_Program.o
 .debug_ranges  0x00000468       0x88 ./src/main.o

.debug_macro    0x00000000     0x2f68
 .debug_macro   0x00000000      0x1b4 ./system/src/newlib/_exit.o
 .debug_macro   0x000001b4       0x9c ./system/src/newlib/_exit.o
 .debug_macro   0x00000250      0x10e ./system/src/newlib/_exit.o
 .debug_macro   0x0000035e       0x8d ./system/src/newlib/_exit.o
 .debug_macro   0x000003eb       0x43 ./system/src/newlib/_exit.o
 .debug_macro   0x0000042e      0x330 ./system/src/newlib/_exit.o
 .debug_macro   0x0000075e       0x35 ./system/src/newlib/_exit.o
 .debug_macro   0x00000793      0x169 ./system/src/newlib/_sbrk.o
 .debug_macro   0x000008fc      0x174 ./system/src/newlib/_sbrk.o
 .debug_macro   0x00000a70       0x10 ./system/src/newlib/_sbrk.o
 .debug_macro   0x00000a80      0x23b ./system/src/newlib/_sbrk.o
 .debug_macro   0x00000cbb      0x173 ./system/src/newlib/_startup.o
 .debug_macro   0x00000e2e      0x217 ./system/src/newlib/_syscalls.o
 .debug_macro   0x00001045       0x1c ./system/src/newlib/_syscalls.o
 .debug_macro   0x00001061       0x10 ./system/src/newlib/_syscalls.o
 .debug_macro   0x00001071       0x10 ./system/src/newlib/_syscalls.o
 .debug_macro   0x00001081       0x10 ./system/src/newlib/_syscalls.o
 .debug_macro   0x00001091       0x35 ./system/src/newlib/_syscalls.o
 .debug_macro   0x000010c6      0x122 ./system/src/newlib/_syscalls.o
 .debug_macro   0x000011e8       0x88 ./system/src/newlib/_syscalls.o
 .debug_macro   0x00001270       0x2b ./system/src/newlib/_syscalls.o
 .debug_macro   0x0000129b      0x118 ./system/src/newlib/_syscalls.o
 .debug_macro   0x000013b3      0x189 ./system/src/newlib/_syscalls.o
 .debug_macro   0x0000153c       0x16 ./system/src/newlib/_syscalls.o
 .debug_macro   0x00001552      0x1fb ./system/src/diag/Trace.o
 .debug_macro   0x0000174d       0x16 ./system/src/diag/Trace.o
 .debug_macro   0x00001763       0x97 ./system/src/diag/Trace.o
 .debug_macro   0x000017fa       0xfd ./system/src/diag/Trace.o
 .debug_macro   0x000018f7       0x10 ./system/src/diag/Trace.o
 .debug_macro   0x00001907       0x16 ./system/src/diag/Trace.o
 .debug_macro   0x0000191d      0x16f ./system/src/diag/Trace.o
 .debug_macro   0x00001a8c       0x4c ./system/src/diag/Trace.o
 .debug_macro   0x00001ad8       0x16 ./system/src/diag/Trace.o
 .debug_macro   0x00001aee      0x2da ./system/src/diag/trace_impl.o
 .debug_macro   0x00001dc8       0x10 ./system/src/diag/trace_impl.o
 .debug_macro   0x00001dd8       0xcf ./system/src/diag/trace_impl.o
 .debug_macro   0x00001ea7       0xbe ./system/src/diag/trace_impl.o
 .debug_macro   0x00001f65       0x22 ./system/src/diag/trace_impl.o
 .debug_macro   0x00001f87      0x16b ./system/src/cortexm/_initialize_hardware.o
 .debug_macro   0x000020f2      0x324 ./system/src/cortexm/exception_handlers.o
 .debug_macro   0x00002416       0x3b ./system/src/cortexm/exception_handlers.o
 .debug_macro   0x00002451       0x10 ./system/src/cortexm/exception_handlers.o
 .debug_macro   0x00002461      0x16e ./system/src/cmsis/system_stm32f10x.o
 .debug_macro   0x000025cf       0x34 ./system/src/cmsis/vectors_stm32f10x.o
 .debug_macro   0x00002603       0x36 ./src/DIO_Program.o
 .debug_macro   0x00002639       0x22 ./src/DIO_Program.o
 .debug_macro   0x0000265b       0x1c ./src/DIO_Program.o
 .debug_macro   0x00002677       0xee ./src/DIO_Program.o
 .debug_macro   0x00002765       0x55 ./src/ESP_Program.o
 .debug_macro   0x000027ba       0x16 ./src/ESP_Program.o
 .debug_macro   0x000027d0       0x41 ./src/FPEC_Program.o
 .debug_macro   0x00002811       0x10 ./src/FPEC_Program.o
 .debug_macro   0x00002821       0x49 ./src/LED_Program.o
 .debug_macro   0x0000286a      0x210 ./src/LED_Program.o
 .debug_macro   0x00002a7a       0x3a ./src/LED_Program.o
 .debug_macro   0x00002ab4       0x46 ./src/NVIC_Program.o
 .debug_macro   0x00002afa       0x70 ./src/NVIC_Program.o
 .debug_macro   0x00002b6a       0x10 ./src/NVIC_Program.o
 .debug_macro   0x00002b7a       0x3f ./src/RCC_Program.o
 .debug_macro   0x00002bb9       0x22 ./src/RCC_Program.o
 .debug_macro   0x00002bdb       0x10 ./src/RCC_Program.o
 .debug_macro   0x00002beb       0x40 ./src/SyStick_Program.o
 .debug_macro   0x00002c2b       0x22 ./src/SyStick_Program.o
 .debug_macro   0x00002c4d       0x1c ./src/SyStick_Program.o
 .debug_macro   0x00002c69       0x46 ./src/Timer_Program.o
 .debug_macro   0x00002caf      0x11e ./src/Timer_Program.o
 .debug_macro   0x00002dcd       0x1c ./src/Timer_Program.o
 .debug_macro   0x00002de9       0x4a ./src/UART_Program.o
 .debug_macro   0x00002e33       0x6a ./src/UART_Program.o
 .debug_macro   0x00002e9d       0x3a ./src/UART_Program.o
 .debug_macro   0x00002ed7       0x91 ./src/main.o
